1
4
1
1
3
1
1
1
3
1
4
1
1
3
3
4
3
3
1
2
4
1
1
1
4
5
3
3
1
1
3
3
1
4
1
3
1
1
3
3
1
3
1
1
1
4
1
1
1
1
1
1
1
1
1
1
1
1
1
1
1
1
1
1
1
1
1
1
1
1
1
1
1
1
1
1
1
1
1
1
1
1
1
1
1
1
1
1
1
1
1
1
1
1
1
1
1
1
1
1
1
1
1
1
1
1
1
1
1
1
1
1
1
1
1
1
1
1
1
1
1
1
1
1
1
1
1
1
1
1
1
1
1
1
1
1
1
1
1
1
1
1
1
1
1
1
1
1
1
1
4
2
2
3
1
4
1
4
3
1
1
1
2
4
4
3
3
4
1
3
4
4
3
4
1
1
4
4
4
3
1
3
3
1
1
1
3
1
1
3
1
1
1
1
1
1
1
1
3
3
1
1
1
1
1
1
1
1
2
1
2
1
1
3
1
1
1
3
3
1
1
1
1
2
1
1
1
1
9
1
3
1
1
2
3
1
1
1
1
2
1
1
1
1
1
1
1
1
1
5
3
3
3
2
3
1
3
5
3
3
1
1
3
3
3
3
3
3
1
3
3
1
3
3
3
3
3
1
3
1
1
1
1
1
1
1
3
1
1
1
3
1
3
1
1
1
1
3
3
3
1
1
1
3
3
3
3
3
1
1
1
1
1
1
3
3
1
3
3
3
3
1
3
3
1
3
3
1
3
1
3
1
3
1
1
1
1
1
1
3
1
1
3
3
1
3
3
3
3
1
1
1
1
3
3
1
1
1
3
3
1
1
1
1
1
3
1
3
3
3
1
1
1
3
1
3
1
3
1
1
1
1
1
1
1
1
1
3
3
3
1
1
3
1
3
1
3
1
1
3
1
1
1
1
1
1
1
1
1
1
1
1
1
1
1
1
1
1
1
1
1
1
1
1
1
1
1
3
3
3
3
3
3
3
3
3
3
3
3
3
3
3
3
3
3
3
3
2
1
2
1
1
1
1
1
1
1
1
1
2
9
3
1
10
2
3
3
3
3
12
1
2
12
10
7
1
1
1
3
6
2
4
4
4
5
2
2
6
6
8
6
2
6
6
6
6
6
6
1
6
6
6
8
6
6
8
5
6
6
6
2
6
6
5
6
6
6
6
6
2
2
6
6
6
5
6
2
8
6
6
2
2
5
5
5
6
6
5
4
6
6
2
5
2
1
6
6
6
6
2
2
1
2
6
2
6
6
2
6
2
6
2
3
3
2
1
4
3
4
2
2
3
3
2
3
3
3
3
3
2
4
3
3
4
2
1
1
1
1
1
2
1
3
1
1
1
1
1
1
1
4
1
1
1
1
1
1
1
1
1
1
1
2
4
1
1
1
1
1
1
1
1
2
1
4
1
2
2
2
4
4
2
2
2
2
4
4
2
1
1
1
1
1
1
1
1
1
1
1
1
1
2
1
4
1
4
2
4
2
2
4
4
2
1
1
1
1
1
1
1
1
1
1
1
1
1
1
1
1
1
1
1
1
1
1
1
1
1
1
1
1
1
1
1
1
1
1
1
1
1
1
1
1
1
2
1
1
1
1
1
1
2
2
1
1
1
1
1
1
1
2
1
1
2
2
1
1
1
1
1
1
1
1
2
2
2
1
1
1
1
1
1
1
1
1
1
1
1
1
1
1
1
1
1
1
1
2
1
1
1
1
1
1
2
1
2
1
2
1
2
2
1
2
2
1
1
1
1
2
1
1
1
2
1
1
1
1
1
1
1
1
2
1
1
1
1
1
2
2
1
1
1
1
1
1
2
2
1
1
2
1
1
1
1
1
1
2
2
2
2
2
2
2
2
1
1
2
2
2
2
2
2
1
2
2
2
3
1
2
1
2
2
2
2
2
2
2
2
2
1
2
1
3
2
1
3
2
1
3
2
2
2
2
2
1
2
3
2
2
3
1
2
2
1
1
1
2
1
2
3
2
3
1
2
3
2
3
3
2
2
2
2
3
2
2
1
2
1
1
2
2
2
1
2
1
2
2
2
2
2
2
2
2
2
1
2
2
2
2
2
3
1
2
3
1
2
1
1
1
2
2
2
3
3
3
1
1
3
1
1
1
1
1
3
1
1
1
1
1
1
1
1
1
1
1
1
1
1
1
2
1
2
2
2
4
2
2
2
2
2
2
2
4
4
2
2
2
3
1
5
4
2
4
4
2
2
2
2
2
2
2
2
2
4
2
4
2
4
4
4
2
4
4
4
2
2
2
4
1
1
1
1
1
1
1
1
1
1
4
1
1
1
1
1
1
1
1
3
1
1
1
1
1
1
1
1
1
1
1
1
1
1
1
1
1
1
1
1
1
1
1
1
1
1
1
1
1
1
1
1
1
1
1
1
1
1
1
1
1
1
1
1
1
1
1
1
1
2
1
1
1
1
1
3
1
1
1
3
1
2
3
1
3
1
3
1
1
1
1
1
1
3
1
1
1
1
1
1
1
2
3
1
1
13
6
11
11
13
6
2
2
11
2
13
9
13
11
11
11
6
2
2
1
2
2
2
2
2
2
1
2
2
3
2
3
3
2
2
3
2
2
1
2
1
3
2
1
2
2
3
2
1
1
1
2
2
1
2
2
2
2
1
1
3
1
3
2
4
4
1
1
4
1
1
1
4
1
1
1
1
1
1
1
1
1
1
1
1
1
1
1
3
1
1
3
1
1
4
1
1
1
4
1
1
1
1
2
3
2
3
1
2
1
1
2
1
3
1
1
1
1
1
3
1
1
1
1
3
2
2
2
2
1
1
1
1
3
1
1
3
1
2
1
1
1
1
1
1
1
3
2
1
2
1
1
1
1
1
1
1
1
1
1
1
1
1
4
1
1
2
2
2
1
1
2
4
1
4
2
4
2
1
1
2
2
1
2
4
1
1
2
1
1
2
1
2
4
4
1
4
1
4
1
1
4
8
1
6
5
8
4
1
1
1
3
5
5
1
1
1
1
1
1
4
1
3
3
1
1
1
1
5
3
1
1
5
5
5
1
1
1
1
1
1
1
1
4
5
1
1
3
1
5
5
1
5
1
5
1
3
5
5
1
1
3
3
1
5
5
5
5
1
3
1
5
3
1
1
1
1
1
1
1
1
1
1
1
1
1
1
1
6
6
6
1
6
2
6
6
1
1
1
1
7
1
1
5
5
1
6
1
6
3
1
1
6
6
1
6
6
6
2
5
3
1
1
2
2
5
8
5
8
8
2
5
10
2
10
2
8
2
2
8
2
2
2
2
2
1
2
2
2
8
2
5
3
2
8
1
1
1
1
1
1
1
1
1
1
1
1
1
1
1
1
1
1
1
2
1
1
1
1
1
1
1
1
1
1
1
1
1
1
1
1
1
1
1
1
1
1
1
1
1
5
1
1
3
5
1
4
3
1
2
3
3
1
1
5
1
1
2
1
1
1
1
1
1
1
1
1
1
1
1
1
1
1
1
1
1
2
1
1
1
1
1
2
1
1
4
1
1
2
4
1
7
1
2
1
4
7
1
7
2
7
4
1
1
1
2
4
5
1
1
7
7
2
2
7
7
2
1
1
2
1
4
5
1
7
1
2
1
1
1
4
1
1
5
1
4
1
5
5
5
4
1
5
1
1
1
1
5
1
1
1
5
4
5
1
1
1
1
1
5
5
5
1
4
1
5
5
5
1
5
1
1
1
1
5
5
1
1
5
5
5
5
5
1
5
1
1
5
1
5
4
1
5
1
5
1
1
1
4
1
1
1
5
4
1
1
1
5
1
5
1
1
5
1
1
4
1
1
5
1
1
5
4
1
1
1
5
4
4
1
1
5
1
5
1
1
1
4
4
1
5
1
1
1
1
4
1
5
1
1
5
1
4
1
1
1
1
4
1
1
1
1
1
1
1
1
1
1
1
5
5
1
1
1
1
1
5
1
1
5
5
1
5
5
1
5
1
1
3
1
1
4
1
1
1
1
1
5
1
1
5
1
4
1
5
5
1
1
1
1
1
5
5
5
1
1
1
5
5
5
1
1
5
1
5
5
5
1
1
1
5
1
1
5
5
4
5
5
1
1
5
5
1
1
1
5
5
1
5
5
1
1
1
5
5
1
5
5
1
4
5
5
5
1
1
5
5
1
5
4
4
1
5
1
1
1
1
1
5
1
5
5
1
1
1
1
5
5
4
1
1
5
1
1
5
1
1
1
1
1
1
5
5
1
4
1
1
5
1
4
1
1
5
5
1
5
5
1
1
1
1
1
4
5
1
1
1
1
1
5
1
5
5
1
1
1
1
1
5
5
1
5
5
1
1
5
4
1
5
1
1
5
1
5
1
5
5
1
1
5
1
5
1
1
1
1
5
1
1
5
1
5
5
4
1
5
1
4
4
1
4
1
1
4
5
5
1
1
1
1
5
1
4
1
4
1
4
1
5
5
4
1
4
1
4
1
1
4
1
1
5
5
1
5
1
1
5
1
5
1
4
5
5
1
5
1
1
1
1
1
5
1
5
5
1
1
1
5
1
1
5
1
1
1
1
5
1
5
5
5
5
4
5
5
1
1
5
1
1
1
1
1
5
1
1
1
1
1
1
1
1
1
1
1
1
1
1
1
1
1
1
1
1
1
1
1
1
1
1
2
1
1
1
2
1
1
1
1
1
3
1
1
1
1
1
2
1
1
2
1
1
2
1
4
1
1
1
1
4
4
2
1
2
1
3
3
1
3
1
3
3
1
1
1
2
1
4
3
1
1
3
2
1
3
3
1
4
1
3
1
3
1
3
1
1
1
4
3
2
1
2
4
2
2
4
4
2
2
4
4
2
4
2
4
4
4
2
4
4
1
4
4
1
3
3
2
2
1
2
2
1
2
4
2
3
2
2
2
1
1
1
3
1
1
1
1
1
1
1
1
1
1
1
1
1
1
1
1
1
1
1
1
1
1
1
1
1
1
1
1
1
1
1
1
1
1
1
1
1
1
1
1
1
1
1
1
1
1
1
1
1
3
1
1
5
1
5
1
3
5
1
1
5
1
5
5
3
1
5
5
1
5
3
1
2
1
1
5
1
1
1
1
5
1
5
1
1
5
1
3
1
1
1
5
5
1
1
1
2
2
6
1
2
1
3
2
2
6
1
1
2
2
1
6
2
1
6
2
2
2
2
2
6
2
2
2
3
2
6
1
1
3
3
1
1
2
1
1
1
1
3
1
1
1
3
3
2
2
2
1
2
1
1
1
1
1
2
1
3
2
2
2
1
1
1
1
1
2
1
1
1
2
1
1
3
1
1
3
1
1
1
1
1
1
1
13
4
1
8
5
1
2
8
12
8
4
8
2
1
10
2
13
4
1
12
1
5
1
13
4
5
12
13
8
8
5
8
4
4
4
12
4
1
4
5
4
4
10
8
13
10
13
11
4
1
2
1
1
1
1
1
1
1
2
2
2
2
1
2
1
1
1
1
2
1
2
1
1
3
1
2
1
1
1
1
1
1
1
2
1
1
1
2
1
2
2
1
2
2
1
2
2
1
2
1
1
1
1
1
2
1
2
1
1
1
1
1
1
2
1
1
2
2
2
1
1
1
2
2
2
2
1
1
1
1
1
1
1
2
1
1
1
1
2
2
1
2
1
1
1
2
2
1
2
1
1
2
2
2
1
1
1
2
2
1
2
1
1
2
1
1
1
2
1
1
1
1
1
2
2
1
2
1
1
2
1
1
2
1
1
1
2
2
2
2
1
1
2
1
2
2
1
2
1
2
2
1
1
2
2
2
1
2
2
2
2
1
1
1
1
2
2
1
1
1
1
1
2
1
2
1
1
1
1
1
1
1
2
1
2
2
1
1
1
2
1
1
1
2
2
1
1
1
1
1
1
2
1
2
1
1
2
1
1
2
1
1
2
1
1
1
2
1
1
1
2
2
1
1
1
1
2
2
1
2
1
1
2
2
2
2
2
2
1
2
1
1
2
2
1
1
1
2
1
2
1
1
2
1
1
2
2
2
2
1
1
1
1
1
1
1
2
2
2
1
2
2
1
2
1
2
1
2
1
1
1
2
1
1
1
1
1
2
1
1
1
1
1
2
2
1
1
2
1
1
2
2
2
1
2
2
2
1
2
2
1
1
1
1
1
2
2
1
2
1
2
1
1
2
2
2
1
1
2
2
2
2
1
2
1
1
3
1
2
1
1
1
1
1
2
1
1
1
1
2
2
1
2
1
2
1
2
1
2
1
1
2
1
2
1
2
1
2
1
1
1
2
1
1
2
1
1
1
1
2
2
1
2
1
1
1
2
2
1
1
1
1
1
1
2
2
1
1
1
1
1
1
2
1
1
2
2
1
1
1
1
1
1
2
1
2
1
2
1
1
1
1
2
2
2
1
2
1
1
1
1
1
1
1
1
1
1
1
1
1
1
1
1
1
1
1
1
2
1
1
1
1
1
1
1
1
1
1
1
1
1
3
8
1
1
8
1
1
1
1
8
1
1
1
1
1
1
1
1
1
2
1
1
1
1
1
1
1
2
1
1
1
1
1
1
1
1
1
1
1
1
1
1
2
2
1
1
1
1
1
2
2
2
2
1
1
1
1
2
1
1
1
2
2
2
1
1
1
2
1
1
1
1
1
1
2
1
2
1
6
1
1
8
1
3
8
1
3
3
2
2
4
3
2
3
4
8
1
6
3
2
4
4
1
1
4
8
5
3
8
2
8
3
1
1
1
1
1
1
1
1
2
1
1
1
1
1
1
3
1
1
1
1
1
1
1
2
1
1
1
2
1
2
1
1
1
1
2
1
1
1
1
1
1
1
1
1
1
1
1
1
1
1
1
1
1
1
1
1
1
1
1
1
1
1
1
1
1
1
1
1
1
1
1
1
1
1
1
1
1
2
2
1
1
1
1
1
1
1
4
1
1
1
1
2
1
2
1
2
1
1
1
2
1
1
2
4
1
1
1
1
1
1
1
2
1
1
1
6
2
7
6
4
2
2
7
7
2
4
1
1
1
2
1
1
1
1
1
1
1
1
1
2
1
1
1
2
2
2
2
2
1
2
1
2
2
2
1
2
2
2
3
1
2
2
3
2
3
3
1
3
3
2
2
1
1
3
3
3
3
2
3
3
1
3
2
1
2
2
2
1
2
3
3
3
1
2
2
1
2
3
1
3
3
3
3
3
1
2
3
1
3
3
2
3
1
3
2
1
1
1
2
3
2
3
2
3
3
2
2
2
2
1
3
3
3
2
3
3
3
1
3
3
3
3
1
3
3
3
1
1
2
2
3
3
7
3
2
7
4
3
1
1
2
1
1
2
3
1
1
4
1
2
1
3
1
4
1
2
3
7
2
7
6
1
6
4
4
2
2
1
6
6
2
6
6
3
1
1
3
6
2
1
2
2
1
2
3
6
2
6
1
1
1
1
1
1
1
1
1
1
1
1
11
5
5
1
4
5
1
3
4
3
1
4
3
4
5
11
4
5
4
5
1
4
4
3
5
4
2
1
5
4
4
7
5
4
4
1
1
1
1
3
2
1
4
1
3
1
1
1
6
1
1
1
1
2
4
1
4
1
4
1
1
1
2
1
1
2
1
1
1
1
1
1
1
1
1
1
1
1
1
1
1
1
1
1
1
1
1
1
1
1
1
1
1
1
1
1
1
1
1
1
1
1
1
1
1
1
1
1
1
1
1
2
1
1
1
1
1
1
1
1
1
1
1
1
1
1
1
1
1
1
4
1
4
6
4
3
1
6
6
5
4
3
4
5
5
6
3
3
1
4
5
5
4
7
3
4
4
4
13
4
5
4
9
9
3
3
2
2
4
4
4
4
4
9
3
5
1
3
3
4
4
4
1
4
2
4
2
4
4
5
4
4
6
4
2
4
5
5
4
7
4
4
4
5
3
1
5
4
3
4
3
4
4
4
4
1
3
4
9
5
4
3
3
4
4
5
6
2
3
2
9
5
4
4
4
9
2
6
4
4
4
4
6
6
9
13
7
4
1
5
1
2
1
1
2
1
2
2
1
1
1
1
1
2
1
1
1
1
1
1
1
1
1
2
1
1
1
1
1
1
1
2
1
1
1
1
1
1
1
1
1
1
1
1
2
1
2
1
2
1
1
1
1
3
2
2
2
3
2
2
2
4
2
2
1
2
3
2
2
2
2
3
2
2
3
3
2
2
2
2
3
2
2
3
2
1
2
3
2
2
2
4
2
3
3
3
3
3
3
2
2
2
2
2
3
2
2
2
2
2
3
1
6
2
2
6
2
1
6
6
2
6
2
6
6
6
2
2
1
6
6
6
1
1
2
2
6
2
6
2
2
1
6
6
6
1
2
4
4
3
4
5
4
1
4
4
4
4
2
4
5
4
5
3
4
3
3
1
4
2
3
4
4
3
1
2
6
4
4
4
4
2
2
5
2
1
2
2
4
4
4
1
1
1
1
1
1
1
3
2
1
1
1
1
1
3
1
1
1
3
1
3
1
1
1
1
1
1
1
1
1
2
1
1
2
1
1
1
1
1
2
1
1
2
1
2
2
1
2
2
2
1
1
2
3
3
3
3
3
3
3
1
3
3
3
3
2
3
3
3
3
3
1
3
3
3
3
3
3
3
3
3
1
3
1
3
3
3
3
3
3
1
3
1
3
3
3
2
3
3
3
3
1
3
3
1
1
1
1
1
1
1
1
1
1
1
1
1
1
1
1
1
1
1
1
1
1
1
1
1
1
1
1
1
1
1
1
1
1
1
1
1
1
1
1
1
1
1
1
1
1
1
1
1
1
1
1
1
1
1
1
1
1
1
1
1
1
1
1
1
1
1
1
1
1
1
1
